// Jest Snapshot v1, https://goo.gl/fbAQLP

exports[`Header rendered correctly 1`] = `
<h1>
  Title (
  10
  )
</h1>
`;
